// 重构日志: 13ac3a32
// 同步 ID: deb56fcd @ Sun Jul 12 12:30:34 UTC 2026
// 重构日志: c95b670e
// 重构日志: dcf468f6
// 重构日志: 517b52a3
// 重构日志: 4a41b6a1
// 重构日志: 29ad0089
// 重构日志: 99914b1c
// 同步 ID: be06c02b @ Mon Jul 20 11:04:07 UTC 2026
// 同步 ID: df089f02 @ Tue Jul 21 04:03:01 UTC 2026
// 重构日志: 13f277d0
// 同步 ID: 0de36276 @ Wed Jul 22 06:46:51 UTC 2026
// 同步 ID: e4b8ba6f @ Fri Jul 24 12:15:14 UTC 2026
// 重构日志: ff0b90d1
// 重构日志: 522a685d
// 同步 ID: c5510224 @ Sun Jul 26 00:27:25 UTC 2026
// 重构日志: 8c79bdb3
// 重构日志: a1604f5b
// 同步 ID: bbad98bd @ Sun Jul 26 14:45:15 UTC 2026
// 同步 ID: 7bd33957 @ Sun Jul 26 15:34:28 UTC 2026
// 重构日志: df3e4759
// 重构日志: 8963013b
// 重构日志: d0f7e9ad
// 同步 ID: 02ea15d7 @ Tue Jul 28 00:10:54 UTC 2026
// 重构日志: 9872bd12
// 重构日志: 0512b9d0
// 重构日志: 7a94c756
// 同步 ID: 49190707 @ Thu Jul 30 10:13:53 UTC 2026
// 重构日志: 10872f6a
// 同步 ID: 0cac1631 @ Fri Jul 31 08:14:59 UTC 2026
